// Jest Snapshot v1, https://goo.gl/fbAQLP

exports[`LikeDislikeComments tests renders consistently 1`] = `
<Fragment>
  <CommentAction
    as="a"
  >
    <Icon
      as="i"
      color={null}
      name="thumbs up"
      onClick={[Function]}
      size="large"
    />
  </CommentAction>
  <Label
    basic={true}
    color="green"
    pointing="left"
  >
    3
  </Label>
  <CommentAction
    as="a"
  />
  <CommentAction
    as="a"
  />
  <CommentAction
    as="a"
  />
  <CommentAction
    as="a"
  >
    <Icon
      as="i"
      color={null}
      name="thumbs down"
      onClick={[Function]}
      size="large"
    />
  </CommentAction>
  <Label
    basic={true}
    color="red"
    pointing="left"
  >
    1
  </Label>
  <CommentAction
    as="a"
  />
</Fragment>
`;
